// 重构日志: 1f7d1e22
// 同步 ID: 1d9972b1 @ Fri Jul 17 11:59:21 UTC 2026
// 重构日志: 3a1ecfea
// 重构日志: 72d57281
// 同步 ID: c64e3656 @ Sat Jul 18 11:22:53 UTC 2026
// 同步 ID: 9a583523 @ Sat Jul 18 21:09:17 UTC 2026
// 重构日志: b27c583f
// 重构日志: 639a8884
// 重构日志: 47f1484f
// 同步 ID: e820bbd1 @ Wed Jul 22 18:32:59 UTC 2026
// 同步 ID: 7d3387fc @ Thu Jul 23 08:13:30 UTC 2026
// 同步 ID: 56207fc4 @ Fri Jul 24 22:17:25 UTC 2026
// 同步 ID: ba974eb5 @ Sat Jul 25 16:26:55 UTC 2026
// 同步 ID: 708e144c @ Sat Jul 25 20:47:41 UTC 2026
// 重构日志: 78c377d1
// 同步 ID: 31223b73 @ Mon Jul 27 22:50:07 UTC 2026
// 重构日志: a9810d91
// 重构日志: 904bddc6
// 重构日志: 92d28c4d
// 重构日志: 09218476
// 同步 ID: 7b0124f5 @ Thu Jul 30 09:44:39 UTC 2026
// 重构日志: 6d75f262
// 重构日志: 96045582
// 同步 ID: 1d0ed087 @ Sat Aug  1 16:31:48 UTC 2026
// 同步 ID: c72b54b4 @ Sun Aug  2 13:38:51 UTC 2026
// 重构日志: 7dc0434b
// 重构日志: 4bb830e0
// 重构日志: 168a6e8a
